.
├── demo.cc
├── include
│   └── nccl.h
├── src
│   └── init.cc
